// Jest Snapshot v1, https://goo.gl/fbAQLP

exports[`<Box /> should render <Box /> without errors 1`] = `
<div
  style={
    Object {
      "margin": "0 auto",
      "maxWidth": "50%",
    }
  }
/>
`;
