// Jest Snapshot v1, https://goo.gl/fbAQLP

exports[`<Settings /> should render <Settings /> without errors 1`] = `
<div
  className="container"
>
  <div
    className="row"
  >
    <div
      className="col-3"
    >
      <div
        className="list-group"
      >
        <NavLink
          activeClassName="active"
          aria-current="page"
          className="list-group-item list-group-item-action"
          exact={true}
          to="/account/settings"
        >
          Profile
        </NavLink>
        <NavLink
          activeClassName="active"
          aria-current="page"
          className="list-group-item list-group-item-action"
          to="/account/settings/change-password"
        >
          Change password
        </NavLink>
        <NavLink
          activeClassName="active"
          aria-current="page"
          className="list-group-item list-group-item-action"
          to="/account/settings/2fa"
        >
          Security
        </NavLink>
      </div>
    </div>
    <div
      className="col-9"
    >
      <Switch>
        <Route
          component={[Function]}
          exact={true}
          path="/account/settings"
        />
        <Route
          component={[Function]}
          path="/account/settings/change-password"
        />
        <Route
          component={[Function]}
          exact={true}
          path="/account/settings/2fa"
        />
        <Route
          component={[Function]}
          path="/account/settings/2fa/sms"
        />
        <Route
          component={[Function]}
          path="/account/settings/2fa/app"
        />
      </Switch>
    </div>
  </div>
</div>
`;
